// Jest Snapshot v1, https://goo.gl/fbAQLP

exports[`FilmInfo should render without crash 1`] = `
<div
  style={
    Object {
      "background": "rgba(0, 0, 0, 0.7)",
      "color": "white",
      "paddingLeft": "1em",
    }
  }
>
  <div>
    <button
      onClick={[Function]}
    >
      SEARCH
    </button>
  </div>
  <img
    alt="some"
    className="img"
    src=""
  />
  <div>
    SOME
      
    <span>
      10/10
    </span>
  </div>
  <div>
     
      
     
     min
  </div>
  <div />
</div>
`;
